Archive member included because of file (symbol)

../libopencm3//lib/libopencm3_stm32f0.a(rcc.o)
                              badge.o (rcc_periph_clock_enable)
../libopencm3//lib/libopencm3_stm32f0.a(gpio_common_all.o)
                              badge.o (gpio_toggle)
../libopencm3//lib/libopencm3_stm32f0.a(gpio_common_f0234.o)
                              badge.o (gpio_mode_setup)
../libopencm3//lib/libopencm3_stm32f0.a(flash_common_f01.o)
                              ../libopencm3//lib/libopencm3_stm32f0.a(rcc.o) (flash_set_ws)
../libopencm3//lib/libopencm3_stm32f0.a(vector.o)
                              (reset_handler)
../libopencm3//lib/libopencm3_stm32f0.a(assert.o)
                              ../libopencm3//lib/libopencm3_stm32f0.a(rcc.o) (cm3_assert_failed)
../libopencm3//lib/libopencm3_stm32f0.a(flash.o)
                              ../libopencm3//lib/libopencm3_stm32f0.a(flash_common_f01.o) (flash_get_status_flags)
/Users/js39g13/code/gcc-arm-none-eabi-4_8-2014q1/bin/../lib/gcc/arm-none-eabi/4.8.3/armv6-m/libgcc.a(_thumb1_case_uqi.o)
                              ../libopencm3//lib/libopencm3_stm32f0.a(rcc.o) (__gnu_thumb1_case_uqi)

Discarded input sections

 .text          0x0000000000000000        0x0 badge.o
 .data          0x0000000000000000        0x0 badge.o
 .bss           0x0000000000000000        0x0 badge.o
 .text          0x0000000000000000        0x0 ../libopencm3//lib/libopencm3_stm32f0.a(rcc.o)
 .data          0x0000000000000000        0x0 ../libopencm3//lib/libopencm3_stm32f0.a(rcc.o)
 .bss           0x0000000000000000        0x0 ../libopencm3//lib/libopencm3_stm32f0.a(rcc.o)
 .text.rcc_osc_ready_int_clear
                0x0000000000000000       0x3c ../libopencm3//lib/libopencm3_stm32f0.a(rcc.o)
 .text.rcc_osc_ready_int_enable
                0x0000000000000000       0x3c ../libopencm3//lib/libopencm3_stm32f0.a(rcc.o)
 .text.rcc_osc_ready_int_disable
                0x0000000000000000       0x58 ../libopencm3//lib/libopencm3_stm32f0.a(rcc.o)
 .text.rcc_osc_ready_int_flag
                0x0000000000000000       0x3c ../libopencm3//lib/libopencm3_stm32f0.a(rcc.o)
 .text.rcc_css_int_clear
                0x0000000000000000       0x14 ../libopencm3//lib/libopencm3_stm32f0.a(rcc.o)
 .text.rcc_css_int_flag
                0x0000000000000000       0x10 ../libopencm3//lib/libopencm3_stm32f0.a(rcc.o)
 .text.rcc_wait_for_osc_ready
                0x0000000000000000       0x50 ../libopencm3//lib/libopencm3_stm32f0.a(rcc.o)
 .text.rcc_osc_on
                0x0000000000000000       0x54 ../libopencm3//lib/libopencm3_stm32f0.a(rcc.o)
 .text.rcc_osc_off
                0x0000000000000000       0x4c ../libopencm3//lib/libopencm3_stm32f0.a(rcc.o)
 .text.rcc_css_enable
                0x0000000000000000       0x14 ../libopencm3//lib/libopencm3_stm32f0.a(rcc.o)
 .text.rcc_css_disable
                0x0000000000000000       0x14 ../libopencm3//lib/libopencm3_stm32f0.a(rcc.o)
 .text.rcc_osc_bypass_enable
                0x0000000000000000       0x28 ../libopencm3//lib/libopencm3_stm32f0.a(rcc.o)
 .text.rcc_osc_bypass_disable
                0x0000000000000000       0x2c ../libopencm3//lib/libopencm3_stm32f0.a(rcc.o)
 .text.rcc_set_sysclk_source
                0x0000000000000000       0x44 ../libopencm3//lib/libopencm3_stm32f0.a(rcc.o)
 .text.rcc_set_pll_multiplication_factor
                0x0000000000000000       0x14 ../libopencm3//lib/libopencm3_stm32f0.a(rcc.o)
 .text.rcc_set_ppre
                0x0000000000000000       0x18 ../libopencm3//lib/libopencm3_stm32f0.a(rcc.o)
 .text.rcc_set_hpre
                0x0000000000000000       0x14 ../libopencm3//lib/libopencm3_stm32f0.a(rcc.o)
 .text.rcc_set_prediv
                0x0000000000000000       0x14 ../libopencm3//lib/libopencm3_stm32f0.a(rcc.o)
 .text.rcc_set_mco
                0x0000000000000000       0x18 ../libopencm3//lib/libopencm3_stm32f0.a(rcc.o)
 .text.rcc_system_clock_source
                0x0000000000000000       0x34 ../libopencm3//lib/libopencm3_stm32f0.a(rcc.o)
 .text.rcc_clock_setup_in_hsi_out_8mhz
                0x0000000000000000       0x40 ../libopencm3//lib/libopencm3_stm32f0.a(rcc.o)
 .text.rcc_clock_setup_in_hsi_out_16mhz
                0x0000000000000000       0x6c ../libopencm3//lib/libopencm3_stm32f0.a(rcc.o)
 .text.rcc_clock_setup_in_hsi_out_24mhz
                0x0000000000000000       0x6c ../libopencm3//lib/libopencm3_stm32f0.a(rcc.o)
 .text.rcc_clock_setup_in_hsi_out_32mhz
                0x0000000000000000       0x6c ../libopencm3//lib/libopencm3_stm32f0.a(rcc.o)
 .text.rcc_clock_setup_in_hsi_out_40mhz
                0x0000000000000000       0x6c ../libopencm3//lib/libopencm3_stm32f0.a(rcc.o)
 .text.rcc_clock_setup_in_hsi_out_48mhz
                0x0000000000000000       0x6c ../libopencm3//lib/libopencm3_stm32f0.a(rcc.o)
 .text.rcc_periph_clock_disable
                0x0000000000000000       0x1c ../libopencm3//lib/libopencm3_stm32f0.a(rcc.o)
 .text.rcc_periph_reset_pulse
                0x0000000000000000       0x20 ../libopencm3//lib/libopencm3_stm32f0.a(rcc.o)
 .text.rcc_periph_reset_hold
                0x0000000000000000       0x1c ../libopencm3//lib/libopencm3_stm32f0.a(rcc.o)
 .text.rcc_periph_reset_release
                0x0000000000000000       0x1c ../libopencm3//lib/libopencm3_stm32f0.a(rcc.o)
 .data.rcc_core_frequency
                0x0000000000000000        0x4 ../libopencm3//lib/libopencm3_stm32f0.a(rcc.o)
 .data.rcc_ppre_frequency
                0x0000000000000000        0x4 ../libopencm3//lib/libopencm3_stm32f0.a(rcc.o)
 .text          0x0000000000000000        0x0 ../libopencm3//lib/libopencm3_stm32f0.a(gpio_common_all.o)
 .data          0x0000000000000000        0x0 ../libopencm3//lib/libopencm3_stm32f0.a(gpio_common_all.o)
 .bss           0x0000000000000000        0x0 ../libopencm3//lib/libopencm3_stm32f0.a(gpio_common_all.o)
 .text.gpio_set
                0x0000000000000000        0x4 ../libopencm3//lib/libopencm3_stm32f0.a(gpio_common_all.o)
 .text.gpio_clear
                0x0000000000000000        0x6 ../libopencm3//lib/libopencm3_stm32f0.a(gpio_common_all.o)
 .text.gpio_get
                0x0000000000000000        0x6 ../libopencm3//lib/libopencm3_stm32f0.a(gpio_common_all.o)
 .text.gpio_port_read
                0x0000000000000000        0x6 ../libopencm3//lib/libopencm3_stm32f0.a(gpio_common_all.o)
 .text.gpio_port_write
                0x0000000000000000        0x4 ../libopencm3//lib/libopencm3_stm32f0.a(gpio_common_all.o)
 .text.gpio_port_config_lock
                0x0000000000000000       0x12 ../libopencm3//lib/libopencm3_stm32f0.a(gpio_common_all.o)
 .text          0x0000000000000000        0x0 ../libopencm3//lib/libopencm3_stm32f0.a(gpio_common_f0234.o)
 .data          0x0000000000000000        0x0 ../libopencm3//lib/libopencm3_stm32f0.a(gpio_common_f0234.o)
 .bss           0x0000000000000000        0x0 ../libopencm3//lib/libopencm3_stm32f0.a(gpio_common_f0234.o)
 .text.gpio_set_output_options
                0x0000000000000000       0x36 ../libopencm3//lib/libopencm3_stm32f0.a(gpio_common_f0234.o)
 .text.gpio_set_af
                0x0000000000000000       0x4e ../libopencm3//lib/libopencm3_stm32f0.a(gpio_common_f0234.o)
 .text          0x0000000000000000        0x0 ../libopencm3//lib/libopencm3_stm32f0.a(flash_common_f01.o)
 .data          0x0000000000000000        0x0 ../libopencm3//lib/libopencm3_stm32f0.a(flash_common_f01.o)
 .bss           0x0000000000000000        0x0 ../libopencm3//lib/libopencm3_stm32f0.a(flash_common_f01.o)
 .text.flash_prefetch_buffer_enable
                0x0000000000000000       0x10 ../libopencm3//lib/libopencm3_stm32f0.a(flash_common_f01.o)
 .text.flash_prefetch_buffer_disable
                0x0000000000000000       0x10 ../libopencm3//lib/libopencm3_stm32f0.a(flash_common_f01.o)
 .text.flash_set_ws
                0x0000000000000000       0x14 ../libopencm3//lib/libopencm3_stm32f0.a(flash_common_f01.o)
 .text.flash_unlock
                0x0000000000000000       0x28 ../libopencm3//lib/libopencm3_stm32f0.a(flash_common_f01.o)
 .text.flash_lock
                0x0000000000000000       0x10 ../libopencm3//lib/libopencm3_stm32f0.a(flash_common_f01.o)
 .text.flash_clear_pgerr_flag
                0x0000000000000000       0x10 ../libopencm3//lib/libopencm3_stm32f0.a(flash_common_f01.o)
 .text.flash_clear_eop_flag
                0x0000000000000000       0x10 ../libopencm3//lib/libopencm3_stm32f0.a(flash_common_f01.o)
 .text.flash_clear_wrprterr_flag
                0x0000000000000000       0x10 ../libopencm3//lib/libopencm3_stm32f0.a(flash_common_f01.o)
 .text.flash_clear_bsy_flag
                0x0000000000000000       0x10 ../libopencm3//lib/libopencm3_stm32f0.a(flash_common_f01.o)
 .text.flash_wait_for_last_operation
                0x0000000000000000        0xc ../libopencm3//lib/libopencm3_stm32f0.a(flash_common_f01.o)
 .text.flash_program_word
                0x0000000000000000       0x16 ../libopencm3//lib/libopencm3_stm32f0.a(flash_common_f01.o)
 .text.flash_unlock_option_bytes
                0x0000000000000000       0x18 ../libopencm3//lib/libopencm3_stm32f0.a(flash_common_f01.o)
 .text.flash_erase_option_bytes
                0x0000000000000000       0x34 ../libopencm3//lib/libopencm3_stm32f0.a(flash_common_f01.o)
 .text.flash_program_option_bytes
                0x0000000000000000       0x30 ../libopencm3//lib/libopencm3_stm32f0.a(flash_common_f01.o)
 .debug_info    0x0000000000000000      0x277 ../libopencm3//lib/libopencm3_stm32f0.a(flash_common_f01.o)
 .debug_abbrev  0x0000000000000000       0xe1 ../libopencm3//lib/libopencm3_stm32f0.a(flash_common_f01.o)
 .debug_loc     0x0000000000000000       0xc6 ../libopencm3//lib/libopencm3_stm32f0.a(flash_common_f01.o)
 .debug_aranges
                0x0000000000000000       0x88 ../libopencm3//lib/libopencm3_stm32f0.a(flash_common_f01.o)
 .debug_ranges  0x0000000000000000       0x78 ../libopencm3//lib/libopencm3_stm32f0.a(flash_common_f01.o)
 .debug_line    0x0000000000000000      0x25c ../libopencm3//lib/libopencm3_stm32f0.a(flash_common_f01.o)
 .debug_str     0x0000000000000000      0x31e ../libopencm3//lib/libopencm3_stm32f0.a(flash_common_f01.o)
 .comment       0x0000000000000000       0x71 ../libopencm3//lib/libopencm3_stm32f0.a(flash_common_f01.o)
 .ARM.attributes
                0x0000000000000000       0x31 ../libopencm3//lib/libopencm3_stm32f0.a(flash_common_f01.o)
 .debug_frame   0x0000000000000000      0x120 ../libopencm3//lib/libopencm3_stm32f0.a(flash_common_f01.o)
 .text          0x0000000000000000        0x0 ../libopencm3//lib/libopencm3_stm32f0.a(vector.o)
 .data          0x0000000000000000        0x0 ../libopencm3//lib/libopencm3_stm32f0.a(vector.o)
 .bss           0x0000000000000000        0x0 ../libopencm3//lib/libopencm3_stm32f0.a(vector.o)
 .text          0x0000000000000000        0x0 ../libopencm3//lib/libopencm3_stm32f0.a(assert.o)
 .data          0x0000000000000000        0x0 ../libopencm3//lib/libopencm3_stm32f0.a(assert.o)
 .bss           0x0000000000000000        0x0 ../libopencm3//lib/libopencm3_stm32f0.a(assert.o)
 .text.cm3_assert_failed
                0x0000000000000000        0x2 ../libopencm3//lib/libopencm3_stm32f0.a(assert.o)
 .text.cm3_assert_failed_verbose
                0x0000000000000000        0x6 ../libopencm3//lib/libopencm3_stm32f0.a(assert.o)
 .debug_info    0x0000000000000000       0xea ../libopencm3//lib/libopencm3_stm32f0.a(assert.o)
 .debug_abbrev  0x0000000000000000       0x86 ../libopencm3//lib/libopencm3_stm32f0.a(assert.o)
 .debug_loc     0x0000000000000000       0x84 ../libopencm3//lib/libopencm3_stm32f0.a(assert.o)
 .debug_aranges
                0x0000000000000000       0x28 ../libopencm3//lib/libopencm3_stm32f0.a(assert.o)
 .debug_ranges  0x0000000000000000       0x18 ../libopencm3//lib/libopencm3_stm32f0.a(assert.o)
 .debug_line    0x0000000000000000       0x53 ../libopencm3//lib/libopencm3_stm32f0.a(assert.o)
 .debug_str     0x0000000000000000      0x1c2 ../libopencm3//lib/libopencm3_stm32f0.a(assert.o)
 .comment       0x0000000000000000       0x71 ../libopencm3//lib/libopencm3_stm32f0.a(assert.o)
 .ARM.attributes
                0x0000000000000000       0x31 ../libopencm3//lib/libopencm3_stm32f0.a(assert.o)
 .debug_frame   0x0000000000000000       0x38 ../libopencm3//lib/libopencm3_stm32f0.a(assert.o)
 .text          0x0000000000000000        0x0 ../libopencm3//lib/libopencm3_stm32f0.a(flash.o)
 .data          0x0000000000000000        0x0 ../libopencm3//lib/libopencm3_stm32f0.a(flash.o)
 .bss           0x0000000000000000        0x0 ../libopencm3//lib/libopencm3_stm32f0.a(flash.o)
 .text.flash_clear_status_flags
                0x0000000000000000       0x14 ../libopencm3//lib/libopencm3_stm32f0.a(flash.o)
 .text.flash_get_status_flags
                0x0000000000000000       0x10 ../libopencm3//lib/libopencm3_stm32f0.a(flash.o)
 .text.flash_program_half_word
                0x0000000000000000       0x28 ../libopencm3//lib/libopencm3_stm32f0.a(flash.o)
 .text.flash_erase_page
                0x0000000000000000       0x34 ../libopencm3//lib/libopencm3_stm32f0.a(flash.o)
 .text.flash_erase_all_pages
                0x0000000000000000       0x28 ../libopencm3//lib/libopencm3_stm32f0.a(flash.o)
 .debug_info    0x0000000000000000      0x1af ../libopencm3//lib/libopencm3_stm32f0.a(flash.o)
 .debug_abbrev  0x0000000000000000       0x96 ../libopencm3//lib/libopencm3_stm32f0.a(flash.o)
 .debug_loc     0x0000000000000000       0x79 ../libopencm3//lib/libopencm3_stm32f0.a(flash.o)
 .debug_aranges
                0x0000000000000000       0x40 ../libopencm3//lib/libopencm3_stm32f0.a(flash.o)
 .debug_ranges  0x0000000000000000       0x30 ../libopencm3//lib/libopencm3_stm32f0.a(flash.o)
 .debug_line    0x0000000000000000      0x196 ../libopencm3//lib/libopencm3_stm32f0.a(flash.o)
 .debug_str     0x0000000000000000      0x295 ../libopencm3//lib/libopencm3_stm32f0.a(flash.o)
 .comment       0x0000000000000000       0x71 ../libopencm3//lib/libopencm3_stm32f0.a(flash.o)
 .ARM.attributes
                0x0000000000000000       0x31 ../libopencm3//lib/libopencm3_stm32f0.a(flash.o)
 .debug_frame   0x0000000000000000       0x90 ../libopencm3//lib/libopencm3_stm32f0.a(flash.o)
 .text          0x0000000000000000       0x14 /Users/js39g13/code/gcc-arm-none-eabi-4_8-2014q1/bin/../lib/gcc/arm-none-eabi/4.8.3/armv6-m/libgcc.a(_thumb1_case_uqi.o)
 .data          0x0000000000000000        0x0 /Users/js39g13/code/gcc-arm-none-eabi-4_8-2014q1/bin/../lib/gcc/arm-none-eabi/4.8.3/armv6-m/libgcc.a(_thumb1_case_uqi.o)
 .bss           0x0000000000000000        0x0 /Users/js39g13/code/gcc-arm-none-eabi-4_8-2014q1/bin/../lib/gcc/arm-none-eabi/4.8.3/armv6-m/libgcc.a(_thumb1_case_uqi.o)
 .ARM.attributes
                0x0000000000000000       0x1e /Users/js39g13/code/gcc-arm-none-eabi-4_8-2014q1/bin/../lib/gcc/arm-none-eabi/4.8.3/armv6-m/libgcc.a(_thumb1_case_uqi.o)

Memory Configuration

Name             Origin             Length             Attributes
rom              0x0000000008000000 0x0000000000004000 xr
ram              0x0000000020000000 0x0000000000001000 xrw
*default*        0x0000000000000000 0xffffffffffffffff

Linker script and memory map

LOAD badge.o
LOAD ../libopencm3//lib/libopencm3_stm32f0.a
START GROUP
LOAD /Users/js39g13/code/gcc-arm-none-eabi-4_8-2014q1/bin/../lib/gcc/arm-none-eabi/4.8.3/../../../../arm-none-eabi/lib/armv6-m/libc_s.a
LOAD /Users/js39g13/code/gcc-arm-none-eabi-4_8-2014q1/bin/../lib/gcc/arm-none-eabi/4.8.3/armv6-m/libgcc.a
LOAD /Users/js39g13/code/gcc-arm-none-eabi-4_8-2014q1/bin/../lib/gcc/arm-none-eabi/4.8.3/../../../../arm-none-eabi/lib/armv6-m/libnosys.a
END GROUP
LOAD /Users/js39g13/code/gcc-arm-none-eabi-4_8-2014q1/bin/../lib/gcc/arm-none-eabi/4.8.3/../../../../arm-none-eabi/lib/armv6-m/libm.a
START GROUP
LOAD /Users/js39g13/code/gcc-arm-none-eabi-4_8-2014q1/bin/../lib/gcc/arm-none-eabi/4.8.3/armv6-m/libgcc.a
LOAD /Users/js39g13/code/gcc-arm-none-eabi-4_8-2014q1/bin/../lib/gcc/arm-none-eabi/4.8.3/../../../../arm-none-eabi/lib/armv6-m/libc_s.a
END GROUP
START GROUP
LOAD /Users/js39g13/code/gcc-arm-none-eabi-4_8-2014q1/bin/../lib/gcc/arm-none-eabi/4.8.3/armv6-m/libgcc.a
LOAD /Users/js39g13/code/gcc-arm-none-eabi-4_8-2014q1/bin/../lib/gcc/arm-none-eabi/4.8.3/../../../../arm-none-eabi/lib/armv6-m/libc_s.a
END GROUP

.text           0x0000000008000000      0x1e0
 *(.vectors)
 .vectors       0x0000000008000000       0xc0 ../libopencm3//lib/libopencm3_stm32f0.a(vector.o)
                0x0000000008000000                vector_table
 *(.text*)
 .text.startup.main
                0x00000000080000c0       0x34 badge.o
                0x00000000080000c0                main
 .text.rcc_periph_clock_enable
                0x00000000080000f4       0x1c ../libopencm3//lib/libopencm3_stm32f0.a(rcc.o)
                0x00000000080000f4                rcc_periph_clock_enable
 .text.gpio_toggle
                0x0000000008000110        0x8 ../libopencm3//lib/libopencm3_stm32f0.a(gpio_common_all.o)
                0x0000000008000110                gpio_toggle
 .text.gpio_mode_setup
                0x0000000008000118       0x48 ../libopencm3//lib/libopencm3_stm32f0.a(gpio_common_f0234.o)
                0x0000000008000118                gpio_mode_setup
 .text.blocking_handler
                0x0000000008000160        0x2 ../libopencm3//lib/libopencm3_stm32f0.a(vector.o)
                0x0000000008000160                exti0_1_isr
                0x0000000008000160                tim7_isr
                0x0000000008000160                blocking_handler
                0x0000000008000160                tsc_isr
                0x0000000008000160                spi1_isr
                0x0000000008000160                i2c1_isr
                0x0000000008000160                tim17_isr
                0x0000000008000160                i2c2_isr
                0x0000000008000160                usart1_isr
                0x0000000008000160                usart3_4_isr
                0x0000000008000160                tim1_cc_isr
                0x0000000008000160                exti2_3_isr
                0x0000000008000160                tim16_isr
                0x0000000008000160                pvd_isr
                0x0000000008000160                rcc_isr
                0x0000000008000160                flash_isr
                0x0000000008000160                hard_fault_handler
                0x0000000008000160                tim14_isr
                0x0000000008000160                spi2_isr
                0x0000000008000160                usb_isr
                0x0000000008000160                tim15_isr
                0x0000000008000160                tim3_isr
                0x0000000008000160                usart2_isr
                0x0000000008000160                adc_comp_isr
                0x0000000008000160                dma1_channel1_isr
                0x0000000008000160                tim6_dac_isr
                0x0000000008000160                tim1_brk_up_trg_com_isr
                0x0000000008000160                dma1_channel2_3_isr
                0x0000000008000160                exti4_15_isr
                0x0000000008000160                cec_can_isr
                0x0000000008000160                wwdg_isr
                0x0000000008000160                tim2_isr
                0x0000000008000160                dma1_channel4_5_isr
                0x0000000008000160                rtc_isr
 .text.null_handler
                0x0000000008000162        0x2 ../libopencm3//lib/libopencm3_stm32f0.a(vector.o)
                0x0000000008000162                null_handler
                0x0000000008000162                sv_call_handler
                0x0000000008000162                pend_sv_handler
                0x0000000008000162                sys_tick_handler
                0x0000000008000162                nmi_handler
 .text.reset_handler
                0x0000000008000164       0x7c ../libopencm3//lib/libopencm3_stm32f0.a(vector.o)
                0x0000000008000164                reset_handler
                0x00000000080001e0                . = ALIGN (0x4)
 *(.rodata*)
                0x00000000080001e0                . = ALIGN (0x4)

.glue_7         0x00000000080001e0        0x0
 .glue_7        0x0000000000000000        0x0 linker stubs

.glue_7t        0x00000000080001e0        0x0
 .glue_7t       0x0000000000000000        0x0 linker stubs

.vfp11_veneer   0x00000000080001e0        0x0
 .vfp11_veneer  0x0000000000000000        0x0 linker stubs

.v4_bx          0x00000000080001e0        0x0
 .v4_bx         0x0000000000000000        0x0 linker stubs

.iplt           0x00000000080001e0        0x0
 .iplt          0x0000000000000000        0x0 badge.o

.rel.dyn        0x00000000080001e0        0x0
 .rel.iplt      0x0000000000000000        0x0 badge.o

.preinit_array  0x00000000080001e0        0x0
                0x00000000080001e0                . = ALIGN (0x4)
                0x00000000080001e0                __preinit_array_start = .
 *(.preinit_array)
                0x00000000080001e0                __preinit_array_end = .

.init_array     0x00000000080001e0        0x0
                0x00000000080001e0                . = ALIGN (0x4)
                0x00000000080001e0                __init_array_start = .
 *(SORT(.init_array.*))
 *(.init_array)
                0x00000000080001e0                __init_array_end = .

.fini_array     0x00000000080001e0        0x0
                0x00000000080001e0                . = ALIGN (0x4)
                0x00000000080001e0                __fini_array_start = .
 *(.fini_array)
 *(SORT(.fini_array.*))
                0x00000000080001e0                __fini_array_end = .

.ARM.extab
 *(.ARM.extab*)

.ARM.exidx      0x00000000080001e0        0x0
                0x00000000080001e0                __exidx_start = .
 *(.ARM.exidx*)
                0x00000000080001e0                __exidx_end = .
                0x00000000080001e0                . = ALIGN (0x4)
                0x00000000080001e0                _etext = .

.data           0x0000000020000000        0x0 load address 0x00000000080001e0
                0x0000000020000000                _data = .
 *(.data*)
                0x0000000020000000                . = ALIGN (0x4)
                0x0000000020000000                _edata = .
                0x00000000080001e0                _data_loadaddr = LOADADDR (.data)

.igot.plt       0x0000000020000000        0x0 load address 0x00000000080001e0
 .igot.plt      0x0000000000000000        0x0 badge.o

.bss            0x0000000020000000        0x0 load address 0x00000000080001e0
 *(.bss*)
 *(COMMON)
                0x0000000020000000                . = ALIGN (0x4)
                0x0000000020000000                _ebss = .

/DISCARD/
 *(.eh_frame)
                0x0000000020000000                . = ALIGN (0x4)
                0x0000000020000000                end = .
                0x0000000020001000                PROVIDE (_stack, (ORIGIN (ram) + 0x1000))
OUTPUT(badge.elf elf32-littlearm)

.debug_info     0x0000000000000000     0x149e
 .debug_info    0x0000000000000000      0x2a0 badge.o
 .debug_info    0x00000000000002a0      0xb67 ../libopencm3//lib/libopencm3_stm32f0.a(rcc.o)
 .debug_info    0x0000000000000e07      0x21b ../libopencm3//lib/libopencm3_stm32f0.a(gpio_common_all.o)
 .debug_info    0x0000000000001022      0x1f3 ../libopencm3//lib/libopencm3_stm32f0.a(gpio_common_f0234.o)
 .debug_info    0x0000000000001215      0x289 ../libopencm3//lib/libopencm3_stm32f0.a(vector.o)

.debug_abbrev   0x0000000000000000      0x5e1
 .debug_abbrev  0x0000000000000000       0xe9 badge.o
 .debug_abbrev  0x00000000000000e9      0x22f ../libopencm3//lib/libopencm3_stm32f0.a(rcc.o)
 .debug_abbrev  0x0000000000000318       0xfc ../libopencm3//lib/libopencm3_stm32f0.a(gpio_common_all.o)
 .debug_abbrev  0x0000000000000414       0xa5 ../libopencm3//lib/libopencm3_stm32f0.a(gpio_common_f0234.o)
 .debug_abbrev  0x00000000000004b9      0x128 ../libopencm3//lib/libopencm3_stm32f0.a(vector.o)

.debug_loc      0x0000000000000000      0x56b
 .debug_loc     0x0000000000000000       0x4d badge.o
 .debug_loc     0x000000000000004d      0x1cd ../libopencm3//lib/libopencm3_stm32f0.a(rcc.o)
 .debug_loc     0x000000000000021a       0x84 ../libopencm3//lib/libopencm3_stm32f0.a(gpio_common_all.o)
 .debug_loc     0x000000000000029e      0x213 ../libopencm3//lib/libopencm3_stm32f0.a(gpio_common_f0234.o)
 .debug_loc     0x00000000000004b1       0xba ../libopencm3//lib/libopencm3_stm32f0.a(vector.o)

.debug_aranges  0x0000000000000000      0x1e0
 .debug_aranges
                0x0000000000000000       0x20 badge.o
 .debug_aranges
                0x0000000000000020      0x110 ../libopencm3//lib/libopencm3_stm32f0.a(rcc.o)
 .debug_aranges
                0x0000000000000130       0x50 ../libopencm3//lib/libopencm3_stm32f0.a(gpio_common_all.o)
 .debug_aranges
                0x0000000000000180       0x30 ../libopencm3//lib/libopencm3_stm32f0.a(gpio_common_f0234.o)
 .debug_aranges
                0x00000000000001b0       0x30 ../libopencm3//lib/libopencm3_stm32f0.a(vector.o)

.debug_ranges   0x0000000000000000      0x190
 .debug_ranges  0x0000000000000000       0x10 badge.o
 .debug_ranges  0x0000000000000010      0x100 ../libopencm3//lib/libopencm3_stm32f0.a(rcc.o)
 .debug_ranges  0x0000000000000110       0x40 ../libopencm3//lib/libopencm3_stm32f0.a(gpio_common_all.o)
 .debug_ranges  0x0000000000000150       0x20 ../libopencm3//lib/libopencm3_stm32f0.a(gpio_common_f0234.o)
 .debug_ranges  0x0000000000000170       0x20 ../libopencm3//lib/libopencm3_stm32f0.a(vector.o)

.debug_line     0x0000000000000000      0x9c9
 .debug_line    0x0000000000000000      0x18c badge.o
 .debug_line    0x000000000000018c      0x476 ../libopencm3//lib/libopencm3_stm32f0.a(rcc.o)
 .debug_line    0x0000000000000602      0x181 ../libopencm3//lib/libopencm3_stm32f0.a(gpio_common_all.o)
 .debug_line    0x0000000000000783      0x15a ../libopencm3//lib/libopencm3_stm32f0.a(gpio_common_f0234.o)
 .debug_line    0x00000000000008dd       0xec ../libopencm3//lib/libopencm3_stm32f0.a(vector.o)

.debug_str      0x0000000000000000      0xb2f
 .debug_str     0x0000000000000000      0x314 badge.o
                                        0x367 (size before relaxing)
 .debug_str     0x0000000000000314      0x554 ../libopencm3//lib/libopencm3_stm32f0.a(rcc.o)
                                        0x796 (size before relaxing)
 .debug_str     0x0000000000000868       0x83 ../libopencm3//lib/libopencm3_stm32f0.a(gpio_common_all.o)
                                        0x21f (size before relaxing)
 .debug_str     0x00000000000008eb       0x8a ../libopencm3//lib/libopencm3_stm32f0.a(gpio_common_f0234.o)
                                        0x246 (size before relaxing)
 .debug_str     0x0000000000000975      0x1ba ../libopencm3//lib/libopencm3_stm32f0.a(vector.o)
                                        0x322 (size before relaxing)

.comment        0x0000000000000000       0x70
 .comment       0x0000000000000000       0x70 badge.o
                                         0x71 (size before relaxing)
 .comment       0x0000000000000000       0x71 ../libopencm3//lib/libopencm3_stm32f0.a(rcc.o)
 .comment       0x0000000000000000       0x71 ../libopencm3//lib/libopencm3_stm32f0.a(gpio_common_all.o)
 .comment       0x0000000000000000       0x71 ../libopencm3//lib/libopencm3_stm32f0.a(gpio_common_f0234.o)
 .comment       0x0000000000000000       0x71 ../libopencm3//lib/libopencm3_stm32f0.a(vector.o)

.ARM.attributes
                0x0000000000000000       0x31
 .ARM.attributes
                0x0000000000000000       0x31 badge.o
 .ARM.attributes
                0x0000000000000031       0x31 ../libopencm3//lib/libopencm3_stm32f0.a(rcc.o)
 .ARM.attributes
                0x0000000000000062       0x31 ../libopencm3//lib/libopencm3_stm32f0.a(gpio_common_all.o)
 .ARM.attributes
                0x0000000000000093       0x31 ../libopencm3//lib/libopencm3_stm32f0.a(gpio_common_f0234.o)
 .ARM.attributes
                0x00000000000000c4       0x31 ../libopencm3//lib/libopencm3_stm32f0.a(vector.o)

.debug_frame    0x0000000000000000      0x3cc
 .debug_frame   0x0000000000000000       0x28 badge.o
 .debug_frame   0x0000000000000028      0x278 ../libopencm3//lib/libopencm3_stm32f0.a(rcc.o)
 .debug_frame   0x00000000000002a0       0x80 ../libopencm3//lib/libopencm3_stm32f0.a(gpio_common_all.o)
 .debug_frame   0x0000000000000320       0x6c ../libopencm3//lib/libopencm3_stm32f0.a(gpio_common_f0234.o)
 .debug_frame   0x000000000000038c       0x40 ../libopencm3//lib/libopencm3_stm32f0.a(vector.o)
